<html>
<body>
<pre>
<h1>µVision Build Log</h1>
<h2>Tool Versions:</h2>
IDE-Version: µVision V5.36.0.0
Copyright (C) 2021 ARM Ltd and ARM Germany GmbH. All rights reserved.
License Information: Mattia Milone Politecnico di Torino Flex license: MDK Professional 5.36 (Flex) (mdk_pro) Operation stops: 10 Mar 2024
 
Tool Versions:
Toolchain:       MDK Professional 5.36 (Flex)  Version: 5.36.0.0
Toolchain Path:  C:\Keil_v5\ARM\ARMCC\Bin
C Compiler:      Armcc.exe V5.06 update 7 (build 960)
Assembler:       Armasm.exe V5.06 update 7 (build 960)
Linker/Locator:  ArmLink.exe V5.06 update 7 (build 960)
Library Manager: ArmAr.exe V5.06 update 7 (build 960)
Hex Converter:   FromElf.exe V5.06 update 7 (build 960)
CPU DLL:         SARMCM3.DLL V5.36.0.0
Dialog DLL:      DARMP1.DLL V1.27.0.0
Target DLL:      UL2CM3.DLL V1.164.0.0
Dialog DLL:      TARMP1.DLL V1.26.0.0
 
<h2>Project:</h2>
D:\Salvare\Scuola\ScuolaMattia\2022-2023\architetture\nuovo materiale\progetti speciali\progetto speciale 2\Tamagoki\12_sample_GLCD_TP\sample.uvprojx
Project File Date:  01/19/2023

<h2>Output:</h2>
*** Using Compiler 'V5.06 update 7 (build 960)', folder: 'C:\Keil_v5\ARM\ARMCC\Bin'
Rebuild target 'Target 1'
assembling startup_LPC17xx.s...
compiling AsciiLib.c...
compiling IRQ_timer.c...
timer\../aliens/alien1.h(2): warning:  #1295-D: Deprecated declaration decrementa_happiness - give arg types
  void decrementa_happiness();
timer\../aliens/alien1.h(3): warning:  #1295-D: Deprecated declaration decrementa_satiety - give arg types
  void decrementa_satiety();
timer\../aliens/alien1.h(4): warning:  #1295-D: Deprecated declaration incrementa_happiness - give arg types
  void incrementa_happiness();
timer\../aliens/alien1.h(5): warning:  #1295-D: Deprecated declaration incrementa_satiety - give arg types
  void incrementa_satiety();
timer\../aliens/alien1.h(6): warning:  #1295-D: Deprecated declaration animazione_happiness - give arg types
  void animazione_happiness();
timer\../aliens/alien1.h(7): warning:  #1295-D: Deprecated declaration animazione_satiety - give arg types
  void animazione_satiety();
timer\../aliens/alien1.h(8): warning:  #1295-D: Deprecated declaration animazione_costante - give arg types
  void animazione_costante();
timer\../aliens/alien1.h(9): warning:  #1295-D: Deprecated declaration animazione_finevita - give arg types
  void animazione_finevita();
timer\../aliens/alien1.h(12): warning:  #1295-D: Deprecated declaration incrementa_tempo_vita - give arg types
  void incrementa_tempo_vita();
timer\../aliens/alien1.h(13): warning:  #1295-D: Deprecated declaration reset_alien - give arg types
  void reset_alien();
timer\../aliens/alien1.h(14): warning:  #1295-D: Deprecated declaration animazione_cuore - give arg types
  void animazione_cuore();
timer\../aliens/alien1.h(18): warning:  #1295-D: Deprecated declaration stato_alien_vivo - give arg types
  int stato_alien_vivo();
timer\../aliens/alien1.h(19): warning:  #1295-D: Deprecated declaration draw_speaker_stopped - give arg types
  void draw_speaker_stopped();
timer\../aliens/alien1.h(20): warning:  #1295-D: Deprecated declaration draw_speaker_loud - give arg types
  void draw_speaker_loud();
timer\../aliens/alien1.h(21): warning:  #1-D: last line of file ends without a newline
  void stampa(int x,int y);
timer\IRQ_timer.c: 15 warnings, 0 errors
compiling sample.c...
aliens/alien1.h(2): warning:  #1295-D: Deprecated declaration decrementa_happiness - give arg types
  void decrementa_happiness();
aliens/alien1.h(3): warning:  #1295-D: Deprecated declaration decrementa_satiety - give arg types
  void decrementa_satiety();
aliens/alien1.h(4): warning:  #1295-D: Deprecated declaration incrementa_happiness - give arg types
  void incrementa_happiness();
aliens/alien1.h(5): warning:  #1295-D: Deprecated declaration incrementa_satiety - give arg types
  void incrementa_satiety();
aliens/alien1.h(6): warning:  #1295-D: Deprecated declaration animazione_happiness - give arg types
  void animazione_happiness();
aliens/alien1.h(7): warning:  #1295-D: Deprecated declaration animazione_satiety - give arg types
  void animazione_satiety();
aliens/alien1.h(8): warning:  #1295-D: Deprecated declaration animazione_costante - give arg types
  void animazione_costante();
aliens/alien1.h(9): warning:  #1295-D: Deprecated declaration animazione_finevita - give arg types
  void animazione_finevita();
aliens/alien1.h(12): warning:  #1295-D: Deprecated declaration incrementa_tempo_vita - give arg types
  void incrementa_tempo_vita();
aliens/alien1.h(13): warning:  #1295-D: Deprecated declaration reset_alien - give arg types
  void reset_alien();
aliens/alien1.h(14): warning:  #1295-D: Deprecated declaration animazione_cuore - give arg types
  void animazione_cuore();
aliens/alien1.h(18): warning:  #1295-D: Deprecated declaration stato_alien_vivo - give arg types
  int stato_alien_vivo();
aliens/alien1.h(19): warning:  #1295-D: Deprecated declaration draw_speaker_stopped - give arg types
  void draw_speaker_stopped();
aliens/alien1.h(20): warning:  #1295-D: Deprecated declaration draw_speaker_loud - give arg types
  void draw_speaker_loud();
aliens/alien1.h(21): warning:  #1-D: last line of file ends without a newline
  void stampa(int x,int y);
sample.c: 15 warnings, 0 errors
compiling core_cm3.c...
compiling system_LPC17xx.c...
compiling lib_timer.c...
compiling funct_led.c...
compiling lib_led.c...
compiling lib_joystick.c...
compiling funct_joystick.c...
compiling IRQ_RIT.c...
RIT\../aliens/alien1.h(2): warning:  #1295-D: Deprecated declaration decrementa_happiness - give arg types
  void decrementa_happiness();
RIT\../aliens/alien1.h(3): warning:  #1295-D: Deprecated declaration decrementa_satiety - give arg types
  void decrementa_satiety();
RIT\../aliens/alien1.h(4): warning:  #1295-D: Deprecated declaration incrementa_happiness - give arg types
  void incrementa_happiness();
RIT\../aliens/alien1.h(5): warning:  #1295-D: Deprecated declaration incrementa_satiety - give arg types
  void incrementa_satiety();
RIT\../aliens/alien1.h(6): warning:  #1295-D: Deprecated declaration animazione_happiness - give arg types
  void animazione_happiness();
RIT\../aliens/alien1.h(7): warning:  #1295-D: Deprecated declaration animazione_satiety - give arg types
  void animazione_satiety();
RIT\../aliens/alien1.h(8): warning:  #1295-D: Deprecated declaration animazione_costante - give arg types
  void animazione_costante();
RIT\../aliens/alien1.h(9): warning:  #1295-D: Deprecated declaration animazione_finevita - give arg types
  void animazione_finevita();
RIT\../aliens/alien1.h(12): warning:  #1295-D: Deprecated declaration incrementa_tempo_vita - give arg types
  void incrementa_tempo_vita();
RIT\../aliens/alien1.h(13): warning:  #1295-D: Deprecated declaration reset_alien - give arg types
  void reset_alien();
RIT\../aliens/alien1.h(14): warning:  #1295-D: Deprecated declaration animazione_cuore - give arg types
  void animazione_cuore();
RIT\../aliens/alien1.h(18): warning:  #1295-D: Deprecated declaration stato_alien_vivo - give arg types
  int stato_alien_vivo();
RIT\../aliens/alien1.h(19): warning:  #1295-D: Deprecated declaration draw_speaker_stopped - give arg types
  void draw_speaker_stopped();
RIT\../aliens/alien1.h(20): warning:  #1295-D: Deprecated declaration draw_speaker_loud - give arg types
  void draw_speaker_loud();
RIT\../aliens/alien1.h(21): warning:  #1-D: last line of file ends without a newline
  void stampa(int x,int y);
RIT\IRQ_RIT.c: 15 warnings, 0 errors
compiling HzLib.c...
compiling lib_RIT.c...
compiling alien1_image.c...
aliens\alien1_image.c(12): warning:  #177-D: variable "dim_alien_a_w"  was declared but never referenced
  static const int dim_alien_a_w = 6;
aliens\alien1_image.c(13): warning:  #177-D: variable "dim_alien_a_h"  was declared but never referenced
  static const int dim_alien_a_h = 6;
aliens\alien1_image.c(15): warning:  #177-D: variable "speaker_loud"  was declared but never referenced
  static int speaker_loud[dim_matrix_speaker_loud][5]={
aliens\alien1_image.c(49): warning:  #177-D: variable "speaker_stopped"  was declared but never referenced
  static int speaker_stopped[dim_matrix_speaker_stopped][5]={
aliens\alien1_image.c(81): warning:  #177-D: variable "food_gelato"  was declared but never referenced
  static int food_gelato [dim_matrix_food_gelato][5]={
aliens\alien1_image.c(123): warning:  #177-D: variable "food_hot_dog"  was declared but never referenced
  static int food_hot_dog [dim_matrix_food_hotdog][5]={
aliens\alien1_image.c(142): warning:  #177-D: variable "cuore"  was declared but never referenced
  static int cuore [dim_matrix_cuore][5]={
aliens\alien1_image.c(179): warning:  #177-D: variable "iron_alien_a"  was declared but never referenced
  static int iron_alien_a [dim_matrix_alien_a][5] = {
aliens\alien1_image.c(417): warning:  #177-D: variable "iron_alien_b"  was declared but never referenced
  static int iron_alien_b [dim_matrix_alien_b][5] = {
aliens\alien1_image.c: 9 warnings, 0 errors
compiling alien1_music.c...
compiling alien1.c...
aliens\alien1.h(2): warning:  #1295-D: Deprecated declaration decrementa_happiness - give arg types
  void decrementa_happiness();
aliens\alien1.h(3): warning:  #1295-D: Deprecated declaration decrementa_satiety - give arg types
  void decrementa_satiety();
aliens\alien1.h(4): warning:  #1295-D: Deprecated declaration incrementa_happiness - give arg types
  void incrementa_happiness();
aliens\alien1.h(5): warning:  #1295-D: Deprecated declaration incrementa_satiety - give arg types
  void incrementa_satiety();
aliens\alien1.h(6): warning:  #1295-D: Deprecated declaration animazione_happiness - give arg types
  void animazione_happiness();
aliens\alien1.h(7): warning:  #1295-D: Deprecated declaration animazione_satiety - give arg types
  void animazione_satiety();
aliens\alien1.h(8): warning:  #1295-D: Deprecated declaration animazione_costante - give arg types
  void animazione_costante();
aliens\alien1.h(9): warning:  #1295-D: Deprecated declaration animazione_finevita - give arg types
  void animazione_finevita();
aliens\alien1.h(12): warning:  #1295-D: Deprecated declaration incrementa_tempo_vita - give arg types
  void incrementa_tempo_vita();
aliens\alien1.h(13): warning:  #1295-D: Deprecated declaration reset_alien - give arg types
  void reset_alien();
aliens\alien1.h(14): warning:  #1295-D: Deprecated declaration animazione_cuore - give arg types
  void animazione_cuore();
aliens\alien1.h(18): warning:  #1295-D: Deprecated declaration stato_alien_vivo - give arg types
  int stato_alien_vivo();
aliens\alien1.h(19): warning:  #1295-D: Deprecated declaration draw_speaker_stopped - give arg types
  void draw_speaker_stopped();
aliens\alien1.h(20): warning:  #1295-D: Deprecated declaration draw_speaker_loud - give arg types
  void draw_speaker_loud();
aliens\alien1.h(21): warning:  #1-D: last line of file ends without a newline
  void stampa(int x,int y);
aliens\alien1.c(32): warning:  #188-D: enumerated type mixed with another type
  	{f3, time_semicroma*2},
aliens\alien1.c(45): warning:  #188-D: enumerated type mixed with another type
  	{f3, time_semicroma*2},
aliens\alien1.c(58): warning:  #188-D: enumerated type mixed with another type
  	{f3, time_semicroma*2},
aliens\alien1.c(71): warning:  #188-D: enumerated type mixed with another type
  	{f3, time_semicroma*2},
aliens\alien1.c: 19 warnings, 0 errors
compiling TouchPanel.c...
compiling lib_adc.c...
compiling IRQ_adc.c...
adc\../aliens/alien1.h(2): warning:  #1295-D: Deprecated declaration decrementa_happiness - give arg types
  void decrementa_happiness();
adc\../aliens/alien1.h(3): warning:  #1295-D: Deprecated declaration decrementa_satiety - give arg types
  void decrementa_satiety();
adc\../aliens/alien1.h(4): warning:  #1295-D: Deprecated declaration incrementa_happiness - give arg types
  void incrementa_happiness();
adc\../aliens/alien1.h(5): warning:  #1295-D: Deprecated declaration incrementa_satiety - give arg types
  void incrementa_satiety();
adc\../aliens/alien1.h(6): warning:  #1295-D: Deprecated declaration animazione_happiness - give arg types
  void animazione_happiness();
adc\../aliens/alien1.h(7): warning:  #1295-D: Deprecated declaration animazione_satiety - give arg types
  void animazione_satiety();
adc\../aliens/alien1.h(8): warning:  #1295-D: Deprecated declaration animazione_costante - give arg types
  void animazione_costante();
adc\../aliens/alien1.h(9): warning:  #1295-D: Deprecated declaration animazione_finevita - give arg types
  void animazione_finevita();
adc\../aliens/alien1.h(12): warning:  #1295-D: Deprecated declaration incrementa_tempo_vita - give arg types
  void incrementa_tempo_vita();
adc\../aliens/alien1.h(13): warning:  #1295-D: Deprecated declaration reset_alien - give arg types
  void reset_alien();
adc\../aliens/alien1.h(14): warning:  #1295-D: Deprecated declaration animazione_cuore - give arg types
  void animazione_cuore();
adc\../aliens/alien1.h(18): warning:  #1295-D: Deprecated declaration stato_alien_vivo - give arg types
  int stato_alien_vivo();
adc\../aliens/alien1.h(19): warning:  #1295-D: Deprecated declaration draw_speaker_stopped - give arg types
  void draw_speaker_stopped();
adc\../aliens/alien1.h(20): warning:  #1295-D: Deprecated declaration draw_speaker_loud - give arg types
  void draw_speaker_loud();
adc\../aliens/alien1.h(21): warning:  #1-D: last line of file ends without a newline
  void stampa(int x,int y);
adc\IRQ_adc.c: 15 warnings, 0 errors
compiling music.c...
compiling GLCD.c...
linking...
Program Size: Code=28524 RO-data=1996 RW-data=11372 ZI-data=680  
".\sample.axf" - 0 Error(s), 88 Warning(s).

<h2>Software Packages used:</h2>

Package Vendor: ARM
                http://www.keil.com/pack/ARM.CMSIS.5.8.0.pack
                ARM.CMSIS.5.8.0
                CMSIS (Common Microcontroller Software Interface Standard)
   * Component: CORE Version: 5.5.0

Package Vendor: Keil
                http://www.keil.com/pack/Keil.LPC1700_DFP.2.7.1.pack
                Keil.LPC1700_DFP.2.7.1
                NXP LPC1700 Series Device Support, Drivers and Examples for MCB1700 and LPC1788-32

<h2>Collection of Component include folders:</h2>
  .\RTE\_Target_1
  C:\Users\Mattia\AppData\Local\Arm\Packs\ARM\CMSIS\5.8.0\CMSIS\Core\Include
  C:\Users\Mattia\AppData\Local\Arm\Packs\Keil\LPC1700_DFP\2.7.1\Device\Include

<h2>Collection of Component Files used:</h2>

   * Component: ARM::CMSIS:CORE:5.5.0
Build Time Elapsed:  00:00:02
</pre>
</body>
</html>
